// Jest Snapshot v1, https://goo.gl/fbAQLP

exports[`Main page component testing using snapshots Test Main component renders 1`] = `null`;
